  HTTP 403 'template marketplace homepage with featured section and grid of large preview cards': b'{"error":{"code":"forbidden","message":"Team or Enterprise plan required"}}'
   0 web template marketplace homepage with featured section and grid
  HTTP 403 'template detail page with large preview images and a sidebar with install button': b'{"error":{"code":"forbidden","message":"Team or Enterprise plan required"}}'
  HTTP 403 'plugin marketplace listing page with cards showing install count and likes': b'{"error":{"code":"forbidden","message":"Team or Enterprise plan required"}}'
  HTTP 403 'resource library page with category filter chips above a card grid': b'{"error":{"code":"forbidden","message":"Team or Enterprise plan required"}}'
   0 web template detail page with large preview images and a sidebar
   0 web plugin marketplace listing page with cards showing install c
   0 web resource library page with category filter chips above a car
  HTTP 403 'creator profile page with stats and a grid of published templates': b'{"error":{"code":"forbidden","message":"Team or Enterprise plan required"}}'
  HTTP 403 'community gallery of user submitted designs with like counts': b'{"error":{"code":"forbidden","message":"Team or Enterprise plan required"}}'
   0 web creator profile page with stats and a grid of published temp
   0 web community gallery of user submitted designs with like counts
  HTTP 403 'search results page with filter chips and thumbnail grid': b'{"error":{"code":"forbidden","message":"Team or Enterprise plan required"}}'
  HTTP 403 'upload form for publishing a template with file drop zone': b'{"error":{"code":"forbidden","message":"Team or Enterprise plan required"}}'
   0 web search results page with filter chips and thumbnail grid
   0 web upload form for publishing a template with file drop zone
  HTTP 403 'hero section with translucent frosted glass cards over gradient blobs': b'{"error":{"code":"forbidden","message":"Team or Enterprise plan required"}}'
   0 web hero section with translucent frosted glass cards over gradi
  HTTP 403 'frosted glass navigation bar over a colorful blurred background': b'{"error":{"code":"forbidden","message":"Team or Enterprise plan required"}}'
   0 web frosted glass navigation bar over a colorful blurred backgro
  HTTP 403 'app store style detail page with screenshot carousel and get button': b'{"error":{"code":"forbidden","message":"Team or Enterprise plan required"}}'
   0 ios app store style detail page with screenshot carousel and get
  HTTP 403 'frosted glass card with translucent blurred background over colorful gradient': b'{"error":{"code":"forbidden","message":"Team or Enterprise plan required"}}'
   0 ios frosted glass card with translucent blurred background over 
